2026-08-25 13:22:56 | INFO     | ======================================================================
2026-08-25 13:22:56 | INFO     | Iniciando scraper de Tipo de Cambio SUNAT
2026-08-25 13:22:56 | INFO     | Rango: 2026-07 -> 2026-08
2026-08-25 13:22:56 | DEBUG    | Resolviendo chromedriver via webdriver-manager...
2026-08-25 13:22:59 | INFO     | Cargando pagina base: https://e-consulta.sunat.gob.pe/cl-at-ittipcam/tcS01Alias
2026-08-25 13:23:00 | INFO     | Pagina base cargada y librerias JS (jQuery/grecaptcha) listas.
2026-08-25 13:23:00 | INFO     | 2026-07: 62 registros obtenidos.
2026-08-25 13:23:00 | DEBUG    | Esperando 2.94s antes del siguiente mes...
2026-08-25 13:23:03 | INFO     | 2026-08: 50 registros obtenidos.
2026-08-25 13:23:03 | INFO     | CSV guardado en:  C:\Users\USUARIO\Documents\GitHub\Data-Science-Python\data\test_run.csv
2026-08-25 13:23:03 | INFO     | Excel guardado en: C:\Users\USUARIO\Documents\GitHub\Data-Science-Python\data\test_run.xlsx
2026-08-25 13:23:03 | INFO     | Proceso finalizado. 62 dias en calendario, 56 con tipo de cambio publicado.
2026-08-25 13:23:05 | INFO     | WebDriver cerrado correctamente.
2026-08-25 13:23:21 | INFO     | ======================================================================
2026-08-25 13:23:21 | INFO     | Iniciando scraper de Tipo de Cambio SUNAT
2026-08-25 13:23:21 | INFO     | Rango: 2024-01 -> 2026-08
2026-08-25 13:23:21 | DEBUG    | Resolviendo chromedriver via webdriver-manager...
2026-08-25 13:23:22 | INFO     | Cargando pagina base: https://e-consulta.sunat.gob.pe/cl-at-ittipcam/tcS01Alias
2026-08-25 13:23:22 | INFO     | Pagina base cargada y librerias JS (jQuery/grecaptcha) listas.
2026-08-25 13:23:22 | INFO     | 2024-01: 60 registros obtenidos.
2026-08-25 13:23:22 | DEBUG    | Esperando 3.46s antes del siguiente mes...
2026-08-25 13:23:26 | INFO     | 2024-02: 58 registros obtenidos.
2026-08-25 13:23:26 | DEBUG    | Esperando 2.98s antes del siguiente mes...
2026-08-25 13:23:29 | INFO     | 2024-03: 58 registros obtenidos.
2026-08-25 13:23:29 | DEBUG    | Esperando 2.40s antes del siguiente mes...
2026-08-25 13:23:31 | INFO     | 2024-04: 60 registros obtenidos.
2026-08-25 13:23:31 | DEBUG    | Esperando 1.88s antes del siguiente mes...
2026-08-25 13:23:33 | INFO     | 2024-05: 62 registros obtenidos.
2026-08-25 13:23:33 | DEBUG    | Esperando 2.86s antes del siguiente mes...
2026-08-25 13:23:36 | INFO     | 2024-06: 60 registros obtenidos.
2026-08-25 13:23:36 | DEBUG    | Esperando 3.05s antes del siguiente mes...
2026-08-25 13:23:40 | INFO     | 2024-07: 54 registros obtenidos.
2026-08-25 13:23:40 | DEBUG    | Esperando 1.77s antes del siguiente mes...
2026-08-25 13:23:41 | INFO     | 2024-08: 62 registros obtenidos.
2026-08-25 13:23:41 | DEBUG    | Esperando 2.74s antes del siguiente mes...
2026-08-25 13:23:44 | INFO     | 2024-09: 60 registros obtenidos.
2026-08-25 13:23:44 | DEBUG    | Esperando 2.42s antes del siguiente mes...
2026-08-25 13:23:47 | INFO     | 2024-10: 62 registros obtenidos.
2026-08-25 13:23:47 | DEBUG    | Esperando 3.18s antes del siguiente mes...
2026-08-25 13:23:50 | INFO     | 2024-11: 60 registros obtenidos.
2026-08-25 13:23:50 | DEBUG    | Esperando 3.27s antes del siguiente mes...
2026-08-25 13:23:53 | INFO     | 2024-12: 62 registros obtenidos.
2026-08-25 13:23:53 | DEBUG    | Esperando 2.31s antes del siguiente mes...
2026-08-25 13:23:56 | INFO     | 2025-01: 62 registros obtenidos.
2026-08-25 13:23:56 | DEBUG    | Esperando 1.91s antes del siguiente mes...
2026-08-25 13:23:58 | INFO     | 2025-02: 56 registros obtenidos.
2026-08-25 13:23:58 | DEBUG    | Esperando 2.89s antes del siguiente mes...
2026-08-25 13:24:01 | INFO     | 2025-03: 62 registros obtenidos.
2026-08-25 13:24:01 | DEBUG    | Esperando 1.76s antes del siguiente mes...
2026-08-25 13:24:02 | INFO     | 2025-04: 60 registros obtenidos.
2026-08-25 13:24:02 | DEBUG    | Esperando 2.12s antes del siguiente mes...
2026-08-25 13:24:05 | INFO     | 2025-05: 62 registros obtenidos.
2026-08-25 13:24:05 | DEBUG    | Esperando 2.25s antes del siguiente mes...
2026-08-25 13:24:07 | INFO     | 2025-06: 60 registros obtenidos.
2026-08-25 13:24:07 | DEBUG    | Esperando 2.70s antes del siguiente mes...
2026-08-25 13:24:10 | INFO     | 2025-07: 62 registros obtenidos.
2026-08-25 13:24:10 | DEBUG    | Esperando 1.87s antes del siguiente mes...
2026-08-25 13:24:12 | INFO     | 2025-08: 62 registros obtenidos.
2026-08-25 13:24:12 | DEBUG    | Esperando 2.85s antes del siguiente mes...
2026-08-25 13:24:15 | INFO     | 2025-09: 60 registros obtenidos.
2026-08-25 13:24:15 | DEBUG    | Esperando 2.77s antes del siguiente mes...
2026-08-25 13:24:17 | INFO     | 2025-10: 62 registros obtenidos.
2026-08-25 13:24:17 | DEBUG    | Esperando 1.58s antes del siguiente mes...
2026-08-25 13:24:19 | INFO     | 2025-11: 60 registros obtenidos.
2026-08-25 13:24:19 | DEBUG    | Esperando 3.21s antes del siguiente mes...
2026-08-25 13:24:22 | INFO     | 2025-12: 60 registros obtenidos.
2026-08-25 13:24:22 | DEBUG    | Esperando 2.09s antes del siguiente mes...
2026-08-25 13:24:24 | INFO     | 2026-01: 62 registros obtenidos.
2026-08-25 13:24:24 | DEBUG    | Esperando 2.17s antes del siguiente mes...
2026-08-25 13:24:27 | INFO     | 2026-02: 56 registros obtenidos.
2026-08-25 13:24:27 | DEBUG    | Esperando 1.62s antes del siguiente mes...
2026-08-25 13:24:28 | INFO     | 2026-03: 62 registros obtenidos.
2026-08-25 13:24:28 | DEBUG    | Esperando 2.32s antes del siguiente mes...
2026-08-25 13:24:31 | INFO     | 2026-04: 60 registros obtenidos.
2026-08-25 13:24:31 | DEBUG    | Esperando 2.81s antes del siguiente mes...
2026-08-25 13:24:34 | INFO     | 2026-05: 62 registros obtenidos.
2026-08-25 13:24:34 | DEBUG    | Esperando 3.03s antes del siguiente mes...
2026-08-25 13:24:37 | INFO     | 2026-06: 60 registros obtenidos.
2026-08-25 13:24:37 | DEBUG    | Esperando 3.34s antes del siguiente mes...
2026-08-25 13:24:40 | INFO     | 2026-07: 62 registros obtenidos.
2026-08-25 13:24:40 | DEBUG    | Esperando 2.58s antes del siguiente mes...
2026-08-25 13:24:43 | INFO     | 2026-08: 50 registros obtenidos.
2026-08-25 13:24:43 | INFO     | CSV guardado en:  C:\Users\USUARIO\Documents\GitHub\Data-Science-Python\data\tipo_cambio_sunat_2024_actual.csv
2026-08-25 13:24:43 | INFO     | Excel guardado en: C:\Users\USUARIO\Documents\GitHub\Data-Science-Python\data\tipo_cambio_sunat_2024_actual.xlsx
2026-08-25 13:24:43 | INFO     | Proceso finalizado. 974 dias en calendario, 960 con tipo de cambio publicado.
2026-08-25 13:24:45 | INFO     | WebDriver cerrado correctamente.
2026-08-25 13:25:00 | INFO     | ======================================================================
2026-08-25 13:25:00 | INFO     | Iniciando scraper de Tipo de Cambio SUNAT
2026-08-25 13:25:00 | INFO     | Rango: 2026-08 -> 2026-08
2026-08-25 13:25:00 | DEBUG    | Resolviendo chromedriver via webdriver-manager...
2026-08-25 13:25:02 | INFO     | Cargando pagina base: https://e-consulta.sunat.gob.pe/cl-at-ittipcam/tcS01Alias
2026-08-25 13:25:02 | INFO     | Pagina base cargada y librerias JS (jQuery/grecaptcha) listas.
2026-08-25 13:25:02 | INFO     | 2026-08: 50 registros obtenidos.
2026-08-25 13:25:02 | INFO     | CSV guardado en:  C:\Users\USUARIO\Documents\GitHub\Data-Science-Python\data\test_bat.csv
2026-08-25 13:25:02 | INFO     | Excel guardado en: C:\Users\USUARIO\Documents\GitHub\Data-Science-Python\data\test_bat.xlsx
2026-08-25 13:25:02 | INFO     | Proceso finalizado. 31 dias en calendario, 25 con tipo de cambio publicado.
2026-08-25 13:25:05 | INFO     | WebDriver cerrado correctamente.
2026-08-25 22:59:46 | INFO     | ======================================================================
2026-08-25 22:59:46 | INFO     | Iniciando scraper de Tipo de Cambio SUNAT
2026-08-25 22:59:46 | INFO     | Rango: 2024-01 -> 2026-08
2026-08-25 22:59:46 | DEBUG    | Resolviendo chromedriver via webdriver-manager...
2026-08-25 22:59:47 | INFO     | Cargando pagina base: https://e-consulta.sunat.gob.pe/cl-at-ittipcam/tcS01Alias
2026-08-25 22:59:47 | INFO     | Pagina base cargada y librerias JS (jQuery/grecaptcha) listas.
2026-08-25 22:59:47 | INFO     | 2024-01: 60 registros obtenidos.
2026-08-25 22:59:47 | DEBUG    | Esperando 2.73s antes del siguiente mes...
2026-08-25 22:59:50 | INFO     | 2024-02: 58 registros obtenidos.
2026-08-25 22:59:50 | DEBUG    | Esperando 1.95s antes del siguiente mes...
2026-08-25 22:59:52 | INFO     | 2024-03: 58 registros obtenidos.
2026-08-25 22:59:52 | DEBUG    | Esperando 2.95s antes del siguiente mes...
2026-08-25 22:59:55 | INFO     | 2024-04: 60 registros obtenidos.
2026-08-25 22:59:55 | DEBUG    | Esperando 2.15s antes del siguiente mes...
2026-08-25 22:59:58 | INFO     | 2024-05: 62 registros obtenidos.
2026-08-25 22:59:58 | DEBUG    | Esperando 2.15s antes del siguiente mes...
2026-08-25 23:00:00 | INFO     | 2024-06: 60 registros obtenidos.
2026-08-25 23:00:00 | DEBUG    | Esperando 1.64s antes del siguiente mes...
2026-08-25 23:00:02 | INFO     | 2024-07: 54 registros obtenidos.
2026-08-25 23:00:02 | DEBUG    | Esperando 1.59s antes del siguiente mes...
2026-08-25 23:00:03 | INFO     | 2024-08: 62 registros obtenidos.
2026-08-25 23:00:03 | DEBUG    | Esperando 1.92s antes del siguiente mes...
2026-08-25 23:00:05 | INFO     | 2024-09: 60 registros obtenidos.
2026-08-25 23:00:05 | DEBUG    | Esperando 2.21s antes del siguiente mes...
2026-08-25 23:00:08 | INFO     | 2024-10: 62 registros obtenidos.
2026-08-25 23:00:08 | DEBUG    | Esperando 1.78s antes del siguiente mes...
2026-08-25 23:00:09 | INFO     | 2024-11: 60 registros obtenidos.
2026-08-25 23:00:09 | DEBUG    | Esperando 2.35s antes del siguiente mes...
2026-08-25 23:00:12 | INFO     | 2024-12: 62 registros obtenidos.
2026-08-25 23:00:12 | DEBUG    | Esperando 2.81s antes del siguiente mes...
2026-08-25 23:00:15 | INFO     | 2025-01: 62 registros obtenidos.
2026-08-25 23:00:15 | DEBUG    | Esperando 2.82s antes del siguiente mes...
2026-08-25 23:00:18 | INFO     | 2025-02: 56 registros obtenidos.
2026-08-25 23:00:18 | DEBUG    | Esperando 3.08s antes del siguiente mes...
2026-08-25 23:00:21 | INFO     | 2025-03: 62 registros obtenidos.
2026-08-25 23:00:21 | DEBUG    | Esperando 1.58s antes del siguiente mes...
2026-08-25 23:00:22 | INFO     | 2025-04: 60 registros obtenidos.
2026-08-25 23:00:22 | DEBUG    | Esperando 1.73s antes del siguiente mes...
2026-08-25 23:00:24 | INFO     | 2025-05: 62 registros obtenidos.
2026-08-25 23:00:24 | DEBUG    | Esperando 2.47s antes del siguiente mes...
2026-08-25 23:00:27 | INFO     | 2025-06: 60 registros obtenidos.
2026-08-25 23:00:27 | DEBUG    | Esperando 2.78s antes del siguiente mes...
2026-08-25 23:00:30 | INFO     | 2025-07: 62 registros obtenidos.
2026-08-25 23:00:30 | DEBUG    | Esperando 2.52s antes del siguiente mes...
2026-08-25 23:00:32 | INFO     | 2025-08: 62 registros obtenidos.
2026-08-25 23:00:32 | DEBUG    | Esperando 1.69s antes del siguiente mes...
2026-08-25 23:00:34 | INFO     | 2025-09: 60 registros obtenidos.
2026-08-25 23:00:34 | DEBUG    | Esperando 2.98s antes del siguiente mes...
2026-08-25 23:00:37 | INFO     | 2025-10: 62 registros obtenidos.
2026-08-25 23:00:37 | DEBUG    | Esperando 2.24s antes del siguiente mes...
2026-08-25 23:00:39 | INFO     | 2025-11: 60 registros obtenidos.
2026-08-25 23:00:39 | DEBUG    | Esperando 2.12s antes del siguiente mes...
2026-08-25 23:00:41 | INFO     | 2025-12: 60 registros obtenidos.
2026-08-25 23:00:41 | DEBUG    | Esperando 2.88s antes del siguiente mes...
2026-08-25 23:00:44 | INFO     | 2026-01: 62 registros obtenidos.
2026-08-25 23:00:44 | DEBUG    | Esperando 1.63s antes del siguiente mes...
2026-08-25 23:00:46 | INFO     | 2026-02: 56 registros obtenidos.
2026-08-25 23:00:46 | DEBUG    | Esperando 3.47s antes del siguiente mes...
2026-08-25 23:00:50 | INFO     | 2026-03: 62 registros obtenidos.
2026-08-25 23:00:50 | DEBUG    | Esperando 2.28s antes del siguiente mes...
2026-08-25 23:00:52 | INFO     | 2026-04: 60 registros obtenidos.
2026-08-25 23:00:52 | DEBUG    | Esperando 1.62s antes del siguiente mes...
2026-08-25 23:00:54 | INFO     | 2026-05: 62 registros obtenidos.
2026-08-25 23:00:54 | DEBUG    | Esperando 2.66s antes del siguiente mes...
2026-08-25 23:00:56 | INFO     | 2026-06: 60 registros obtenidos.
2026-08-25 23:00:56 | DEBUG    | Esperando 1.82s antes del siguiente mes...
2026-08-25 23:00:58 | INFO     | 2026-07: 62 registros obtenidos.
2026-08-25 23:00:58 | DEBUG    | Esperando 1.72s antes del siguiente mes...
2026-08-25 23:01:00 | INFO     | 2026-08: 52 registros obtenidos.
2026-08-25 23:01:00 | INFO     | CSV guardado en:  D:\Universidad\Clases\D-CICLO-X-2026-2\CLASES\Data Science con Python\SUNAT_scraper\data\tipo_cambio_sunat_2024_actual.csv
2026-08-25 23:01:00 | INFO     | Excel guardado en: D:\Universidad\Clases\D-CICLO-X-2026-2\CLASES\Data Science con Python\SUNAT_scraper\data\tipo_cambio_sunat_2024_actual.xlsx
2026-08-25 23:01:00 | INFO     | Proceso finalizado. 974 dias en calendario, 961 con tipo de cambio publicado.
2026-08-25 23:01:03 | INFO     | WebDriver cerrado correctamente.
2026-08-25 23:27:41 | INFO     | ======================================================================
2026-08-25 23:27:41 | INFO     | Iniciando scraper de Tipo de Cambio SUNAT
2026-08-25 23:27:41 | INFO     | Rango: 2024-01 -> 2026-08
2026-08-25 23:27:41 | DEBUG    | Resolviendo chromedriver via webdriver-manager...
2026-08-25 23:27:42 | INFO     | Cargando pagina base: https://e-consulta.sunat.gob.pe/cl-at-ittipcam/tcS01Alias
2026-08-25 23:27:42 | INFO     | Pagina base cargada y librerias JS (jQuery/grecaptcha) listas.
2026-08-25 23:27:42 | INFO     | 2024-01: 60 registros obtenidos.
2026-08-25 23:27:42 | DEBUG    | Esperando 2.97s antes del siguiente mes...
2026-08-25 23:28:47 | INFO     | ======================================================================
2026-08-25 23:28:47 | INFO     | Iniciando scraper de Tipo de Cambio SUNAT
2026-08-25 23:28:47 | INFO     | Rango: 2024-01 -> 2026-08
2026-08-25 23:28:47 | DEBUG    | Resolviendo chromedriver via webdriver-manager...
2026-08-25 23:28:48 | INFO     | Cargando pagina base: https://e-consulta.sunat.gob.pe/cl-at-ittipcam/tcS01Alias
2026-08-25 23:28:49 | INFO     | Pagina base cargada y librerias JS (jQuery/grecaptcha) listas.
2026-08-25 23:28:49 | INFO     | 2024-01: 60 registros obtenidos.
2026-08-25 23:28:49 | DEBUG    | Esperando 2.82s antes del siguiente mes...
2026-08-25 23:28:52 | INFO     | 2024-02: 58 registros obtenidos.
2026-08-25 23:28:52 | DEBUG    | Esperando 3.36s antes del siguiente mes...
2026-08-25 23:28:55 | INFO     | 2024-03: 58 registros obtenidos.
2026-08-25 23:28:55 | DEBUG    | Esperando 1.66s antes del siguiente mes...
2026-08-25 23:28:57 | INFO     | 2024-04: 60 registros obtenidos.
2026-08-25 23:28:57 | DEBUG    | Esperando 1.65s antes del siguiente mes...
2026-08-25 23:28:59 | INFO     | 2024-05: 62 registros obtenidos.
2026-08-25 23:28:59 | DEBUG    | Esperando 2.82s antes del siguiente mes...
2026-08-25 23:29:02 | INFO     | 2024-06: 60 registros obtenidos.
2026-08-25 23:29:02 | DEBUG    | Esperando 3.13s antes del siguiente mes...
2026-08-25 23:29:05 | INFO     | 2024-07: 54 registros obtenidos.
2026-08-25 23:29:05 | DEBUG    | Esperando 2.52s antes del siguiente mes...
2026-08-25 23:29:07 | INFO     | 2024-08: 62 registros obtenidos.
2026-08-25 23:29:07 | DEBUG    | Esperando 2.19s antes del siguiente mes...
2026-08-25 23:29:10 | INFO     | 2024-09: 60 registros obtenidos.
2026-08-25 23:29:10 | DEBUG    | Esperando 2.65s antes del siguiente mes...
2026-08-25 23:29:12 | INFO     | 2024-10: 62 registros obtenidos.
2026-08-25 23:29:12 | DEBUG    | Esperando 1.76s antes del siguiente mes...
2026-08-25 23:29:14 | INFO     | 2024-11: 60 registros obtenidos.
2026-08-25 23:29:14 | DEBUG    | Esperando 3.47s antes del siguiente mes...
2026-08-25 23:29:18 | INFO     | 2024-12: 62 registros obtenidos.
2026-08-25 23:29:18 | DEBUG    | Esperando 2.48s antes del siguiente mes...
2026-08-25 23:29:20 | INFO     | 2025-01: 62 registros obtenidos.
2026-08-25 23:29:20 | DEBUG    | Esperando 2.37s antes del siguiente mes...
2026-08-25 23:29:23 | INFO     | 2025-02: 56 registros obtenidos.
2026-08-25 23:29:23 | DEBUG    | Esperando 3.32s antes del siguiente mes...
2026-08-25 23:29:26 | INFO     | 2025-03: 62 registros obtenidos.
2026-08-25 23:29:26 | DEBUG    | Esperando 2.12s antes del siguiente mes...
2026-08-25 23:29:28 | INFO     | 2025-04: 60 registros obtenidos.
2026-08-25 23:29:28 | DEBUG    | Esperando 1.55s antes del siguiente mes...
2026-08-25 23:29:30 | INFO     | 2025-05: 62 registros obtenidos.
2026-08-25 23:29:30 | DEBUG    | Esperando 2.90s antes del siguiente mes...
2026-08-25 23:29:33 | INFO     | 2025-06: 60 registros obtenidos.
2026-08-25 23:29:33 | DEBUG    | Esperando 1.98s antes del siguiente mes...
2026-08-25 23:29:35 | INFO     | 2025-07: 62 registros obtenidos.
2026-08-25 23:29:35 | DEBUG    | Esperando 3.05s antes del siguiente mes...
2026-08-25 23:29:44 | INFO     | 2025-08: 62 registros obtenidos.
2026-08-25 23:29:44 | DEBUG    | Esperando 1.52s antes del siguiente mes...
2026-08-25 23:29:46 | INFO     | 2025-09: 60 registros obtenidos.
2026-08-25 23:29:46 | DEBUG    | Esperando 1.98s antes del siguiente mes...
2026-08-25 23:29:48 | INFO     | 2025-10: 62 registros obtenidos.
2026-08-25 23:29:48 | DEBUG    | Esperando 2.99s antes del siguiente mes...
2026-08-25 23:29:51 | INFO     | 2025-11: 60 registros obtenidos.
2026-08-25 23:29:51 | DEBUG    | Esperando 3.13s antes del siguiente mes...
2026-08-25 23:29:54 | INFO     | 2025-12: 60 registros obtenidos.
2026-08-25 23:29:54 | DEBUG    | Esperando 2.85s antes del siguiente mes...
2026-08-25 23:29:57 | INFO     | 2026-01: 62 registros obtenidos.
2026-08-25 23:29:57 | DEBUG    | Esperando 2.27s antes del siguiente mes...
2026-08-25 23:30:00 | INFO     | 2026-02: 56 registros obtenidos.
2026-08-25 23:30:00 | DEBUG    | Esperando 2.05s antes del siguiente mes...
2026-08-25 23:30:02 | INFO     | 2026-03: 62 registros obtenidos.
2026-08-25 23:30:02 | DEBUG    | Esperando 1.53s antes del siguiente mes...
2026-08-25 23:30:03 | INFO     | 2026-04: 60 registros obtenidos.
2026-08-25 23:30:03 | DEBUG    | Esperando 2.55s antes del siguiente mes...
2026-08-25 23:30:06 | INFO     | 2026-05: 62 registros obtenidos.
2026-08-25 23:30:06 | DEBUG    | Esperando 2.60s antes del siguiente mes...
2026-08-25 23:30:09 | INFO     | 2026-06: 60 registros obtenidos.
2026-08-25 23:30:09 | DEBUG    | Esperando 2.22s antes del siguiente mes...
2026-08-25 23:30:11 | INFO     | 2026-07: 62 registros obtenidos.
2026-08-25 23:30:11 | DEBUG    | Esperando 2.22s antes del siguiente mes...
2026-08-25 23:30:13 | INFO     | 2026-08: 52 registros obtenidos.
2026-08-25 23:30:14 | INFO     | CSV guardado en:  D:\Universidad\Clases\D-CICLO-X-2026-2\CLASES\Data Science con Python\SUNAT_scraper\data\tipo_cambio_sunat_2024_actual.csv
2026-08-25 23:30:14 | INFO     | Excel guardado en: D:\Universidad\Clases\D-CICLO-X-2026-2\CLASES\Data Science con Python\SUNAT_scraper\data\tipo_cambio_sunat_2024_actual.xlsx
2026-08-25 23:30:14 | INFO     | Proceso finalizado. 974 dias en calendario, 961 con tipo de cambio publicado.
2026-08-25 23:30:16 | INFO     | WebDriver cerrado correctamente.
